01/13/2025 19:56:57	Reading UID database.
01/13/2025 19:56:57	Start loading STAAD model.
01/13/2025 19:56:57	Reading model file.
01/13/2025 19:56:57	Reading model file is complete.
01/13/2025 19:56:57	Processing support.
01/13/2025 19:56:57	Processing springs.
01/13/2025 19:56:57	Processing properties.
01/13/2025 19:56:57	Processing physical properties.
01/13/2025 19:56:57	Processing constants.
01/13/2025 19:56:57	Processing surface constants.
01/13/2025 19:56:57	Processing BETA constants.
01/13/2025 19:56:57	Processing hidden analytical member loads.
01/13/2025 19:56:57	Processing command list for member release.
01/13/2025 19:56:57	Processing command list for member offset.
01/13/2025 19:56:57	Processing command list for member specs (cracked).
01/13/2025 19:56:57	Processing command list for member specs (axial).
01/13/2025 19:56:57	Processing command list for element release.
01/13/2025 19:56:57	Processing command list for element offset.
01/13/2025 19:56:57	Processing command list for element plate stress directive.
01/13/2025 19:56:57	End Processing command list.
01/13/2025 19:56:57	End loading STAAD model.
