01/23/2025 20:56:19	Reading UID database.
01/23/2025 20:56:19	Start loading STAAD model.
01/23/2025 20:56:19	Reading model file.
01/23/2025 20:56:19	Reading model file is complete.
01/23/2025 20:56:19	Processing support.
01/23/2025 20:56:19	Processing springs.
01/23/2025 20:56:19	Processing properties.
01/23/2025 20:56:19	Processing physical properties.
01/23/2025 20:56:19	Processing constants.
01/23/2025 20:56:19	Processing surface constants.
01/23/2025 20:56:19	Processing BETA constants.
01/23/2025 20:56:19	Processing hidden analytical member loads.
01/23/2025 20:56:19	Processing command list for member release.
01/23/2025 20:56:19	Processing command list for member offset.
01/23/2025 20:56:19	Processing command list for member specs (cracked).
01/23/2025 20:56:19	Processing command list for member specs (axial).
01/23/2025 20:56:19	Processing command list for element release.
01/23/2025 20:56:19	Processing command list for element offset.
01/23/2025 20:56:19	Processing command list for element plate stress directive.
01/23/2025 20:56:19	End Processing command list.
01/23/2025 20:56:19	End loading STAAD model.
