01/22/2025 20:41:01	Reading UID database.
01/22/2025 20:41:01	Start loading STAAD model.
01/22/2025 20:41:01	Reading model file.
01/22/2025 20:41:01	Reading model file is complete.
01/22/2025 20:41:01	Processing support.
01/22/2025 20:41:01	Processing springs.
01/22/2025 20:41:01	Processing properties.
01/22/2025 20:41:01	Processing physical properties.
01/22/2025 20:41:01	Processing constants.
01/22/2025 20:41:01	Processing surface constants.
01/22/2025 20:41:01	Processing BETA constants.
01/22/2025 20:41:01	Processing hidden analytical member loads.
01/22/2025 20:41:01	Processing command list for member release.
01/22/2025 20:41:01	Processing command list for member offset.
01/22/2025 20:41:01	Processing command list for member specs (cracked).
01/22/2025 20:41:01	Processing command list for member specs (axial).
01/22/2025 20:41:01	Processing command list for element release.
01/22/2025 20:41:01	Processing command list for element offset.
01/22/2025 20:41:01	Processing command list for element plate stress directive.
01/22/2025 20:41:01	End Processing command list.
01/22/2025 20:41:01	End loading STAAD model.
