01/15/2025 21:15:41	Reading UID database.
01/15/2025 21:15:41	Start loading STAAD model.
01/15/2025 21:15:41	Reading model file.
01/15/2025 21:15:42	Reading model file is complete.
01/15/2025 21:15:42	Processing support.
01/15/2025 21:15:42	Processing springs.
01/15/2025 21:15:42	Processing properties.
01/15/2025 21:15:42	Processing physical properties.
01/15/2025 21:15:42	Processing constants.
01/15/2025 21:15:42	Processing surface constants.
01/15/2025 21:15:42	Processing BETA constants.
01/15/2025 21:15:42	Processing hidden analytical member loads.
01/15/2025 21:15:42	Processing command list for member release.
01/15/2025 21:15:42	Processing command list for member offset.
01/15/2025 21:15:42	Processing command list for member specs (cracked).
01/15/2025 21:15:42	Processing command list for member specs (axial).
01/15/2025 21:15:42	Processing command list for element release.
01/15/2025 21:15:42	Processing command list for element offset.
01/15/2025 21:15:42	Processing command list for element plate stress directive.
01/15/2025 21:15:42	End Processing command list.
01/15/2025 21:15:42	End loading STAAD model.
