01/20/2025 20:56:56	Reading UID database.
01/20/2025 20:56:56	Start loading STAAD model.
01/20/2025 20:56:56	Reading model file.
01/20/2025 20:56:56	Reading model file is complete.
01/20/2025 20:56:56	Processing support.
01/20/2025 20:56:56	Processing springs.
01/20/2025 20:56:56	Processing properties.
01/20/2025 20:56:56	Processing physical properties.
01/20/2025 20:56:56	Processing constants.
01/20/2025 20:56:56	Processing surface constants.
01/20/2025 20:56:56	Processing BETA constants.
01/20/2025 20:56:56	Processing hidden analytical member loads.
01/20/2025 20:56:56	Processing command list for member release.
01/20/2025 20:56:56	Processing command list for member offset.
01/20/2025 20:56:56	Processing command list for member specs (cracked).
01/20/2025 20:56:56	Processing command list for member specs (axial).
01/20/2025 20:56:56	Processing command list for element release.
01/20/2025 20:56:56	Processing command list for element offset.
01/20/2025 20:56:56	Processing command list for element plate stress directive.
01/20/2025 20:56:56	End Processing command list.
01/20/2025 20:56:56	End loading STAAD model.
