01/14/2025 21:04:06	Reading UID database.
01/14/2025 21:04:06	Start loading STAAD model.
01/14/2025 21:04:06	Reading model file.
01/14/2025 21:04:06	Reading model file is complete.
01/14/2025 21:04:06	Processing support.
01/14/2025 21:04:06	Processing springs.
01/14/2025 21:04:06	Processing properties.
01/14/2025 21:04:06	Processing physical properties.
01/14/2025 21:04:06	Processing constants.
01/14/2025 21:04:06	Processing surface constants.
01/14/2025 21:04:06	Processing BETA constants.
01/14/2025 21:04:06	Processing hidden analytical member loads.
01/14/2025 21:04:06	Processing command list for member release.
01/14/2025 21:04:06	Processing command list for member offset.
01/14/2025 21:04:06	Processing command list for member specs (cracked).
01/14/2025 21:04:06	Processing command list for member specs (axial).
01/14/2025 21:04:06	Processing command list for element release.
01/14/2025 21:04:06	Processing command list for element offset.
01/14/2025 21:04:06	Processing command list for element plate stress directive.
01/14/2025 21:04:06	End Processing command list.
01/14/2025 21:04:06	End loading STAAD model.
