01/16/2025 20:05:55	Reading UID database.
01/16/2025 20:05:55	Start loading STAAD model.
01/16/2025 20:05:55	Reading model file.
01/16/2025 20:05:55	Reading model file is complete.
01/16/2025 20:05:55	Processing support.
01/16/2025 20:05:55	Processing springs.
01/16/2025 20:05:55	Processing properties.
01/16/2025 20:05:55	Processing physical properties.
01/16/2025 20:05:55	Processing constants.
01/16/2025 20:05:55	Processing surface constants.
01/16/2025 20:05:55	Processing BETA constants.
01/16/2025 20:05:55	Processing hidden analytical member loads.
01/16/2025 20:05:55	Processing command list for member release.
01/16/2025 20:05:55	Processing command list for member offset.
01/16/2025 20:05:55	Processing command list for member specs (cracked).
01/16/2025 20:05:55	Processing command list for member specs (axial).
01/16/2025 20:05:55	Processing command list for element release.
01/16/2025 20:05:55	Processing command list for element offset.
01/16/2025 20:05:55	Processing command list for element plate stress directive.
01/16/2025 20:05:55	End Processing command list.
01/16/2025 20:05:55	End loading STAAD model.
