01/19/2025 11:29:52	Reading UID database.
01/19/2025 11:29:52	Start loading STAAD model.
01/19/2025 11:29:52	Reading model file.
01/19/2025 11:29:52	Reading model file is complete.
01/19/2025 11:29:52	Processing support.
01/19/2025 11:29:52	Processing springs.
01/19/2025 11:29:52	Processing properties.
01/19/2025 11:29:52	Processing physical properties.
01/19/2025 11:29:52	Processing constants.
01/19/2025 11:29:52	Processing surface constants.
01/19/2025 11:29:52	Processing BETA constants.
01/19/2025 11:29:52	Processing hidden analytical member loads.
01/19/2025 11:29:52	Processing command list for member release.
01/19/2025 11:29:52	Processing command list for member offset.
01/19/2025 11:29:52	Processing command list for member specs (cracked).
01/19/2025 11:29:52	Processing command list for member specs (axial).
01/19/2025 11:29:52	Processing command list for element release.
01/19/2025 11:29:52	Processing command list for element offset.
01/19/2025 11:29:52	Processing command list for element plate stress directive.
01/19/2025 11:29:52	End Processing command list.
01/19/2025 11:29:52	End loading STAAD model.
