01/15/2025 20:55:09	Reading UID database.
01/15/2025 20:55:09	Start loading STAAD model.
01/15/2025 20:55:09	Reading model file.
01/15/2025 20:55:09	Reading model file is complete.
01/15/2025 20:55:09	Processing support.
01/15/2025 20:55:09	Processing springs.
01/15/2025 20:55:09	Processing properties.
01/15/2025 20:55:09	Processing physical properties.
01/15/2025 20:55:09	Processing constants.
01/15/2025 20:55:09	Processing surface constants.
01/15/2025 20:55:09	Processing BETA constants.
01/15/2025 20:55:09	Processing hidden analytical member loads.
01/15/2025 20:55:09	Processing command list for member release.
01/15/2025 20:55:09	Processing command list for member offset.
01/15/2025 20:55:09	Processing command list for member specs (cracked).
01/15/2025 20:55:09	Processing command list for member specs (axial).
01/15/2025 20:55:09	Processing command list for element release.
01/15/2025 20:55:09	Processing command list for element offset.
01/15/2025 20:55:09	Processing command list for element plate stress directive.
01/15/2025 20:55:09	End Processing command list.
01/15/2025 20:55:09	End loading STAAD model.
