01/21/2025 20:46:01	Reading UID database.
01/21/2025 20:46:01	Start loading STAAD model.
01/21/2025 20:46:01	Reading model file.
01/21/2025 20:46:02	Reading model file is complete.
01/21/2025 20:46:02	Processing support.
01/21/2025 20:46:02	Processing springs.
01/21/2025 20:46:02	Processing properties.
01/21/2025 20:46:02	Processing physical properties.
01/21/2025 20:46:02	Processing constants.
01/21/2025 20:46:02	Processing surface constants.
01/21/2025 20:46:02	Processing BETA constants.
01/21/2025 20:46:02	Processing hidden analytical member loads.
01/21/2025 20:46:02	Processing command list for member release.
01/21/2025 20:46:02	Processing command list for member offset.
01/21/2025 20:46:02	Processing command list for member specs (cracked).
01/21/2025 20:46:02	Processing command list for member specs (axial).
01/21/2025 20:46:02	Processing command list for element release.
01/21/2025 20:46:02	Processing command list for element offset.
01/21/2025 20:46:02	Processing command list for element plate stress directive.
01/21/2025 20:46:02	End Processing command list.
01/21/2025 20:46:02	End loading STAAD model.
